[INFO] Scanning for projects...
[INFO] 
[INFO] -------------< com.medical.caresync:care-sync-medical-erp >-------------
[INFO] Building care-sync-medical-erp 0.0.1-SNAPSHOT
[INFO]   from pom.xml
[INFO] --------------------------------[ jar ]---------------------------------
[INFO] 
[INFO] --- clean:3.3.2:clean (default-clean) @ care-sync-medical-erp ---
[INFO] Deleting C:\CompNova\CareSyncMedicalERP-Maven-Latest\CareSyncMedicalERP\target
[INFO] 
[INFO] --- resources:3.3.1:resources (default-resources) @ care-sync-medical-erp ---
[INFO] Copying 1 resource from src\main\resources to target\classes
[INFO] Copying 0 resource from src\main\resources to target\classes
[INFO] 
[INFO] --- compiler:3.13.0:compile (default-compile) @ care-sync-medical-erp ---
[INFO] Recompiling the module because of changed source code.
[INFO] Compiling 94 source files with javac [debug parameters release 21] to target\classes
[INFO] ------------------------------------------------------------------------
[INFO] BUILD SUCCESS
[INFO] ------------------------------------------------------------------------
[INFO] Total time:  2.944 s
[INFO] Finished at: 2025-12-26T22:47:04+05:30
[INFO] ------------------------------------------------------------------------
